// 同步 ID: 4adcfc80 @ Wed Jul 22 10:49:18 UTC 2026
// 重构日志: c7013ee7
// 重构日志: a11ecaa9
// 同步 ID: 03eeb602 @ Fri Jul 24 14:33:12 UTC 2026
// 重构日志: 89de5bb3
// 重构日志: bf2df4cb
// 同步 ID: c5564ca6 @ Sat Jul 25 16:49:46 UTC 2026
// 同步 ID: f3479329 @ Sun Jul 26 11:17:46 UTC 2026
// 重构日志: 679e428b
// 重构日志: 9c131e9c
// 重构日志: 21e3c21d
// 重构日志: 751d5e35
// 同步 ID: 8a073041 @ Mon Jul 27 13:08:36 UTC 2026
// 同步 ID: 0a8da71a @ Mon Jul 27 15:44:27 UTC 2026
// 重构日志: f2f2a4f1
// 同步 ID: 757c4a97 @ Tue Jul 28 07:46:43 UTC 2026
// 重构日志: e74b3008
// 同步 ID: 1a844049 @ Wed Jul 29 04:56:15 UTC 2026
// 重构日志: 31b5508b
// 重构日志: 89ad7d1a
// 同步 ID: 9e018269 @ Wed Jul 29 23:41:18 UTC 2026
// 重构日志: 8baa2c66
// 同步 ID: 79dbd888 @ Fri Jul 31 05:40:16 UTC 2026
// 同步 ID: 31ff7b30 @ Fri Jul 31 09:01:07 UTC 2026
// 同步 ID: 89ce16e4 @ Fri Jul 31 13:50:51 UTC 2026
// 重构日志: ff93b62b
// 重构日志: 57a07b32
// 同步 ID: 7f9cfbbd @ Sat Aug  1 07:55:09 UTC 2026
// 重构日志: c56b3a43
// 同步 ID: 6e435780 @ Sat Aug  1 22:54:33 UTC 2026
// 重构日志: f77e81b2
// 重构日志: 24378ea1
// 重构日志: e4c8e450
